---
source: tests/ansi.rs
description: "input: items [\"a\"]\noptions: --prompt \u001b[1;34mprompt\u001b[0m nocol"
---
"                                                                                "
"                                                                                "
"                                                                                "
"                                                                                "
"                                                                                "
"                                                                                "
"                                                                                "
"                                                                                "
"                                                                                "
"                                                                                "
"                                                                                "
"                                                                                "
"                                                                                "
"                                                                                "
"                                                                                "
"                                                                                "
"                                                                                "
"                                                                                "
"                                                                                "
"                                                                                "
"                                                                                "
"> a                                                                             "
"  1/1                                                                        0/0"
"prompt nocol                                                                    "
cursor: (24, 13)
