---
source: tests/binds.rs
description: "input: items [\"a\", \"b\", \"c\"]\noptions: --bind ctrl-a:set-query({})"
---
"                                                                                "
"                                                                                "
"                                                                                "
"                                                                                "
"                                                                                "
"                                                                                "
"                                                                                "
"                                                                                "
"                                                                                "
"                                                                                "
"                                                                                "
"                                                                                "
"                                                                                "
"                                                                                "
"                                                                                "
"                                                                                "
"                                                                                "
"                                                                                "
"                                                                                "
"  c                                                                             "
"  b                                                                             "
"> a                                                                             "
"  3/3                                                                        0/0"
">                                                                               "
cursor: (24, 3)
