---
source: tests/binds.rs
description: "input: interactive\noptions: --bind ctrl-a:toggle-interactive -i --cmd true"
---
"                                                                                "
"                                                                                "
"                                                                                "
"                                                                                "
"                                                                                "
"                                                                                "
"                                                                                "
"                                                                                "
"                                                                                "
"                                                                                "
"                                                                                "
"                                                                                "
"                                                                                "
"                                                                                "
"                                                                                "
"                                                                                "
"                                                                                "
"                                                                                "
"                                                                                "
"                                                                                "
"                                                                                "
"                                                                                "
"  0/0                                                                        0/0"
"c>                                                                              "
cursor: (24, 4)
