---
source: tests/binds.rs
description: "input: interactive\noptions: --bind ctrl-a:toggle-interactive -i --cmd true --query normal --cmd-query interactive\nafter:\n  @ctrl 'a'"
---
"                                                                                "
"                                                                                "
"                                                                                "
"                                                                                "
"                                                                                "
"                                                                                "
"                                                                                "
"                                                                                "
"                                                                                "
"                                                                                "
"                                                                                "
"                                                                                "
"                                                                                "
"                                                                                "
"                                                                                "
"                                                                                "
"                                                                                "
"                                                                                "
"                                                                                "
"                                                                                "
"                                                                                "
"                                                                                "
"  0/0                                                                        0/0"
"c> interactive                                                                  "
cursor: (24, 15)
