---
source: tests/binds.rs
description: "input: items [\"a\", \"b\", \"c\"]\noptions: --bind ctrl-a:set-query({q})\nafter:\n  @ctrl 'a'"
---
"                                                                                "
"                                                                                "
"                                                                                "
"                                                                                "
"                                                                                "
"                                                                                "
"                                                                                "
"                                                                                "
"                                                                                "
"                                                                                "
"                                                                                "
"                                                                                "
"                                                                                "
"                                                                                "
"                                                                                "
"                                                                                "
"                                                                                "
"                                                                                "
"                                                                                "
"                                                                                "
"                                                                                "
"> a                                                                             "
"  1/3                                                                        0/0"
"> a                                                                             "
cursor: (24, 4)
