---
source: tests/case.rs
description: "input: items [\"aBcDeF\"]\noptions: --case ignore\nafter:\n  @type \"abc\""
---
"                                                                                "
"                                                                                "
"                                                                                "
"                                                                                "
"                                                                                "
"                                                                                "
"                                                                                "
"                                                                                "
"                                                                                "
"                                                                                "
"                                                                                "
"                                                                                "
"                                                                                "
"                                                                                "
"                                                                                "
"                                                                                "
"                                                                                "
"                                                                                "
"                                                                                "
"                                                                                "
"                                                                                "
"> aBcDeF                                                                        "
"  1/1                                                                        0/0"
"> abc                                                                           "
cursor: (24, 6)
