---
source: tests/case.rs
description: "input: items [\"aBcDeF\"]\noptions: --case smart"
---
"                                                                                "
"                                                                                "
"                                                                                "
"                                                                                "
"                                                                                "
"                                                                                "
"                                                                                "
"                                                                                "
"                                                                                "
"                                                                                "
"                                                                                "
"                                                                                "
"                                                                                "
"                                                                                "
"                                                                                "
"                                                                                "
"                                                                                "
"                                                                                "
"                                                                                "
"                                                                                "
"                                                                                "
"> aBcDeF                                                                        "
"  1/1                                                                        0/0"
">                                                                               "
cursor: (24, 3)
