---
source: tests/defaults.rs
description: "input: interactive\noptions: -i --cmd echo 'foo {q}'"
---
"                                                                                "
"                                                                                "
"                                                                                "
"                                                                                "
"                                                                                "
"                                                                                "
"                                                                                "
"                                                                                "
"                                                                                "
"                                                                                "
"                                                                                "
"                                                                                "
"                                                                                "
"                                                                                "
"                                                                                "
"                                                                                "
"                                                                                "
"                                                                                "
"                                                                                "
"                                                                                "
"                                                                                "
"> foo                                                                           "
"  1/1                                                                        0/0"
"c>                                                                              "
cursor: (24, 4)
