---
source: tests/issues.rs
description: "input: items [\"foo  bar\", \"foo bar\"]\noptions: -q foo\\ bar"
---
"                                                                                "
"                                                                                "
"                                                                                "
"                                                                                "
"                                                                                "
"                                                                                "
"                                                                                "
"                                                                                "
"                                                                                "
"                                                                                "
"                                                                                "
"                                                                                "
"                                                                                "
"                                                                                "
"                                                                                "
"                                                                                "
"                                                                                "
"                                                                                "
"                                                                                "
"                                                                                "
"  foo  bar                                                                      "
"> foo bar                                                                       "
"  2/2                                                                        0/0"
"> foo\ bar                                                                      "
cursor: (24, 11)
