---
source: tests/keys.rs
description: "input: items [\"\"]\noptions: -q foo bar foo-bar\nafter:\n  @ctrl 'f'\n  @char '|'"
---
"                                                                                "
"                                                                                "
"                                                                                "
"                                                                                "
"                                                                                "
"                                                                                "
"                                                                                "
"                                                                                "
"                                                                                "
"                                                                                "
"                                                                                "
"                                                                                "
"                                                                                "
"                                                                                "
"                                                                                "
"                                                                                "
"                                                                                "
"                                                                                "
"                                                                                "
"                                                                                "
"                                                                                "
"                                                                                "
"  0/1                                                                        0/0"
"> |f|oo bar foo-bar                                                             "
cursor: (24, 6)
