---
source: tests/keys.rs
description: "input: items [\"\"]\noptions: -q foo bar foo-bar\nafter:\n  @ctrl 'u'\n  @char '|'"
---
"                                                                                "
"                                                                                "
"                                                                                "
"                                                                                "
"                                                                                "
"                                                                                "
"                                                                                "
"                                                                                "
"                                                                                "
"                                                                                "
"                                                                                "
"                                                                                "
"                                                                                "
"                                                                                "
"                                                                                "
"                                                                                "
"                                                                                "
"                                                                                "
"                                                                                "
"                                                                                "
"                                                                                "
"                                                                                "
"  0/1                                                                        0/0"
"> |                                                                             "
cursor: (24, 4)
