---
source: tests/keys_interactive.rs
description: "input: interactive\noptions: -i --cmd true --cmd-query foo bar foo-bar\nafter:\n  @key Backspace\n  @char '|'"
---
"                                                                                "
"                                                                                "
"                                                                                "
"                                                                                "
"                                                                                "
"                                                                                "
"                                                                                "
"                                                                                "
"                                                                                "
"                                                                                "
"                                                                                "
"                                                                                "
"                                                                                "
"                                                                                "
"                                                                                "
"                                                                                "
"                                                                                "
"                                                                                "
"                                                                                "
"                                                                                "
"                                                                                "
"                                                                                "
"  0/0                                                                        0/0"
"c> foo bar foo-ba|                                                              "
cursor: (24, 19)
