---
source: tests/keys.rs
description: "input: items [\"\"]\noptions: \nafter:\n  @char 'a'"
---
"                                                                                "
"                                                                                "
"                                                                                "
"                                                                                "
"                                                                                "
"                                                                                "
"                                                                                "
"                                                                                "
"                                                                                "
"                                                                                "
"                                                                                "
"                                                                                "
"                                                                                "
"                                                                                "
"                                                                                "
"                                                                                "
"                                                                                "
"                                                                                "
"                                                                                "
"                                                                                "
"                                                                                "
"                                                                                "
"  0/1                                                                        0/0"
"> a                                                                             "
cursor: (24, 4)
