---
source: tests/keys.rs
description: "input: items [\"\"]\noptions: -q foo bar foo-bar\nafter:\n  @alt Backspace\n  @char '|'"
---
"                                                                                "
"                                                                                "
"                                                                                "
"                                                                                "
"                                                                                "
"                                                                                "
"                                                                                "
"                                                                                "
"                                                                                "
"                                                                                "
"                                                                                "
"                                                                                "
"                                                                                "
"                                                                                "
"                                                                                "
"                                                                                "
"                                                                                "
"                                                                                "
"                                                                                "
"                                                                                "
"                                                                                "
"                                                                                "
"  0/1                                                                        0/0"
"> foo bar foo-|                                                                 "
cursor: (24, 16)
