---
source: tests/keys.rs
description: "input: items [\"\"]\noptions: \nafter:\n  @key Tab"
---
"                                                                                "
"                                                                                "
"                                                                                "
"                                                                                "
"                                                                                "
"                                                                                "
"                                                                                "
"                                                                                "
"                                                                                "
"                                                                                "
"                                                                                "
"                                                                                "
"                                                                                "
"                                                                                "
"                                                                                "
"                                                                                "
"                                                                                "
"                                                                                "
"                                                                                "
"                                                                                "
"                                                                                "
">                                                                               "
"  1/1                                                                        0/0"
">                                                                               "
cursor: (24, 3)
