---
source: tests/multiline.rs
description: "input: items [\"a\\\\nb\\\\nc\"]\noptions: --multiline"
---
"                                                                                "
"                                                                                "
"                                                                                "
"                                                                                "
"                                                                                "
"                                                                                "
"                                                                                "
"                                                                                "
"                                                                                "
"                                                                                "
"                                                                                "
"                                                                                "
"                                                                                "
"                                                                                "
"                                                                                "
"                                                                                "
"                                                                                "
"                                                                                "
"                                                                                "
"> a                                                                             "
"  b                                                                             "
"  c                                                                             "
"  1/1                                                                        0/0"
">                                                                               "
cursor: (24, 3)
