---
source: tests/multiline.rs
description: "input: items [\"a\", \"b1\\\\nb2\", \"c\"]\noptions: --multiline --multi\nafter:\n  @shift Tab"
---
"                                                                                "
"                                                                                "
"                                                                                "
"                                                                                "
"                                                                                "
"                                                                                "
"                                                                                "
"                                                                                "
"                                                                                "
"                                                                                "
"                                                                                "
"                                                                                "
"                                                                                "
"                                                                                "
"                                                                                "
"                                                                                "
"                                                                                "
"                                                                                "
"  c                                                                             "
"> b1                                                                            "
"  b2                                                                            "
" >a                                                                             "
"  3/3 [1]                                                                    1/0"
">                                                                               "
cursor: (24, 3)
