---
source: tests/multiline.rs
description: "input: bytes b\"a\\x00b1\\nb2\\x00c\\x00\"\noptions: --read0 --multiline\nafter:\n  @key Up"
---
"                                                                                "
"                                                                                "
"                                                                                "
"                                                                                "
"                                                                                "
"                                                                                "
"                                                                                "
"                                                                                "
"                                                                                "
"                                                                                "
"                                                                                "
"                                                                                "
"                                                                                "
"                                                                                "
"                                                                                "
"                                                                                "
"                                                                                "
"                                                                                "
"  c                                                                             "
"> b1                                                                            "
"  b2                                                                            "
"  a                                                                             "
"  3/3                                                                        1/0"
">                                                                               "
cursor: (24, 3)
