---
source: tests/multiline.rs
description: "input: items [\"a\", \"b1\\\\nb2\", \"c\"]\noptions: --multiline --highlight-line"
---
"                                                                                "
"                                                                                "
"                                                                                "
"                                                                                "
"                                                                                "
"                                                                                "
"                                                                                "
"                                                                                "
"                                                                                "
"                                                                                "
"                                                                                "
"                                                                                "
"                                                                                "
"                                                                                "
"                                                                                "
"                                                                                "
"                                                                                "
"                                                                                "
"  c                                                                             "
"  b1                                                                            "
"  b2                                                                            "
"> a                                                                             "
"  3/3                                                                        0/0"
">                                                                               "
cursor: (24, 3)
