---
source: tests/multiline.rs
description: "input: bytes b\"x\\x00one\\ntwo\\nthree\\x00y\\x00\"\noptions: --read0 --multiline\nafter:\n  @key Up"
---
"                                                                                "
"                                                                                "
"                                                                                "
"                                                                                "
"                                                                                "
"                                                                                "
"                                                                                "
"                                                                                "
"                                                                                "
"                                                                                "
"                                                                                "
"                                                                                "
"                                                                                "
"                                                                                "
"                                                                                "
"                                                                                "
"                                                                                "
"  y                                                                             "
"> one                                                                           "
"  two                                                                           "
"  three                                                                         "
"  x                                                                             "
"  3/3                                                                        1/0"
">                                                                               "
cursor: (24, 3)
