---
source: tests/multiline.rs
description: "input: items [\"first\\\\nsecond\", \"other\"]\noptions: --multiline -q second"
---
"                                                                                "
"                                                                                "
"                                                                                "
"                                                                                "
"                                                                                "
"                                                                                "
"                                                                                "
"                                                                                "
"                                                                                "
"                                                                                "
"                                                                                "
"                                                                                "
"                                                                                "
"                                                                                "
"                                                                                "
"                                                                                "
"                                                                                "
"                                                                                "
"                                                                                "
"                                                                                "
"> first                                                                         "
"  second                                                                        "
"  1/2                                                                        0/0"
"> second                                                                        "
cursor: (24, 9)
