---
source: tests/normalize.rs
description: "input: items [\"über\", \"uber\", \"größe\", \"grosse\"]\noptions: --normalize\nafter:\n  @type \"uber\""
---
"                                                                                "
"                                                                                "
"                                                                                "
"                                                                                "
"                                                                                "
"                                                                                "
"                                                                                "
"                                                                                "
"                                                                                "
"                                                                                "
"                                                                                "
"                                                                                "
"                                                                                "
"                                                                                "
"                                                                                "
"                                                                                "
"                                                                                "
"                                                                                "
"                                                                                "
"                                                                                "
"  uber                                                                          "
"> über                                                                          "
"  2/4                                                                        0/0"
"> uber                                                                          "
cursor: (24, 7)
