---
source: tests/normalize.rs
description: "input: items [\"слово\", \"Слово\"]\noptions: --normalize"
---
"                                                                                "
"                                                                                "
"                                                                                "
"                                                                                "
"                                                                                "
"                                                                                "
"                                                                                "
"                                                                                "
"                                                                                "
"                                                                                "
"                                                                                "
"                                                                                "
"                                                                                "
"                                                                                "
"                                                                                "
"                                                                                "
"                                                                                "
"                                                                                "
"                                                                                "
"                                                                                "
"  Слово                                                                         "
"> слово                                                                         "
"  2/2                                                                        0/0"
">                                                                               "
cursor: (24, 3)
