---
source: tests/normalize.rs
description: "input: items [\"naïve\", \"naive\", \"résumé\", \"resume\"]\noptions: --normalize\nafter:\n  @ctrl 'w'\n  @type \"resume\""
---
"                                                                                "
"                                                                                "
"                                                                                "
"                                                                                "
"                                                                                "
"                                                                                "
"                                                                                "
"                                                                                "
"                                                                                "
"                                                                                "
"                                                                                "
"                                                                                "
"                                                                                "
"                                                                                "
"                                                                                "
"                                                                                "
"                                                                                "
"                                                                                "
"                                                                                "
"                                                                                "
"  resume                                                                        "
"> résumé                                                                        "
"  2/4                                                                        0/0"
"> resume                                                                        "
cursor: (24, 9)
