---
source: tests/normalize.rs
description: "input: items [\"café\", \"cafe\", \"tea\"]\noptions: \nafter:\n  @type \"cafe\""
---
"                                                                                "
"                                                                                "
"                                                                                "
"                                                                                "
"                                                                                "
"                                                                                "
"                                                                                "
"                                                                                "
"                                                                                "
"                                                                                "
"                                                                                "
"                                                                                "
"                                                                                "
"                                                                                "
"                                                                                "
"                                                                                "
"                                                                                "
"                                                                                "
"                                                                                "
"                                                                                "
"                                                                                "
"> cafe                                                                          "
"  1/3                                                                        0/0"
"> cafe                                                                          "
cursor: (24, 7)
