---
source: tests/normalize.rs
description: "input: items [\"café\", \"cafe\", \"tea\"]\noptions: --normalize\nafter:\n  @type \"café\""
---
"                                                                                "
"                                                                                "
"                                                                                "
"                                                                                "
"                                                                                "
"                                                                                "
"                                                                                "
"                                                                                "
"                                                                                "
"                                                                                "
"                                                                                "
"                                                                                "
"                                                                                "
"                                                                                "
"                                                                                "
"                                                                                "
"                                                                                "
"                                                                                "
"                                                                                "
"                                                                                "
"  cafe                                                                          "
"> café                                                                          "
"  2/3                                                                        0/0"
"> café                                                                          "
cursor: (24, 7)
