---
source: tests/normalize.rs
description: "input: items [\"naïve\", \"naive\", \"résumé\", \"resume\"]\noptions: --normalize"
---
"                                                                                "
"                                                                                "
"                                                                                "
"                                                                                "
"                                                                                "
"                                                                                "
"                                                                                "
"                                                                                "
"                                                                                "
"                                                                                "
"                                                                                "
"                                                                                "
"                                                                                "
"                                                                                "
"                                                                                "
"                                                                                "
"                                                                                "
"                                                                                "
"  resume                                                                        "
"  résumé                                                                        "
"  naive                                                                         "
"> naïve                                                                         "
"  4/4                                                                        0/0"
">                                                                               "
cursor: (24, 3)
