---
source: tests/options.rs
description: "input: items [\"a\", \"b\", \"c\"]\noptions: --multi-selector $ -m\nafter:\n  @shift Tab"
---
"                                                                                "
"                                                                                "
"                                                                                "
"                                                                                "
"                                                                                "
"                                                                                "
"                                                                                "
"                                                                                "
"                                                                                "
"                                                                                "
"                                                                                "
"                                                                                "
"                                                                                "
"                                                                                "
"                                                                                "
"                                                                                "
"                                                                                "
"                                                                                "
"                                                                                "
"  c                                                                             "
"> b                                                                             "
" $a                                                                             "
"  3/3 [1]                                                                    1/0"
">                                                                               "
cursor: (24, 3)
