---
source: tests/options.rs
description: "input: items [\"a\", \"b\", \"c\"]\noptions: --cycle\nafter:\n  @key Down"
---
"                                                                                "
"                                                                                "
"                                                                                "
"                                                                                "
"                                                                                "
"                                                                                "
"                                                                                "
"                                                                                "
"                                                                                "
"                                                                                "
"                                                                                "
"                                                                                "
"                                                                                "
"                                                                                "
"                                                                                "
"                                                                                "
"                                                                                "
"                                                                                "
"                                                                                "
"> c                                                                             "
"  b                                                                             "
"  a                                                                             "
"  3/3                                                                        2/0"
">                                                                               "
cursor: (24, 3)
