---
source: tests/options.rs
description: "input: items [\"a\", \"b\", \"c\"]\noptions: --header test_header --reverse --inline-info"
---
">   < 3/3                                                                    0/0"
"  test_header                                                                   "
"> a                                                                             "
"  b                                                                             "
"  c                                                                             "
"                                                                                "
"                                                                                "
"                                                                                "
"                                                                                "
"                                                                                "
"                                                                                "
"                                                                                "
"                                                                                "
"                                                                                "
"                                                                                "
"                                                                                "
"                                                                                "
"                                                                                "
"                                                                                "
"                                                                                "
"                                                                                "
"                                                                                "
"                                                                                "
"                                                                                "
cursor: (1, 3)
