---
source: tests/options.rs
description: "input: items [\"a\", \"b\", \"c\", \"ac\"]\noptions: -q a --border light-quadruple-dashed"
---
"┌┈┈┈┈┈┈┈┈┈┈┈┈┈┈┈┈┈┈┈┈┈┈┈┈┈┈┈┈┈┈┈┈┈┈┈┈┈┈┈┈┈┈┈┈┈┈┈┈┈┈┈┈┈┈┈┈┈┈┈┈┈┈┈┈┈┈┈┈┈┈┈┈┈┈┈┈┈┈┐"
"┊                                                                              ┊"
"┊                                                                              ┊"
"┊                                                                              ┊"
"┊                                                                              ┊"
"┊                                                                              ┊"
"┊                                                                              ┊"
"┊                                                                              ┊"
"┊                                                                              ┊"
"┊                                                                              ┊"
"┊                                                                              ┊"
"┊                                                                              ┊"
"┊                                                                              ┊"
"┊                                                                              ┊"
"┊                                                                              ┊"
"┊                                                                              ┊"
"┊                                                                              ┊"
"┊                                                                              ┊"
"┊  ac                                                                          ┊"
"┊> a                                                                           ┊"
"└┈┈┈┈┈┈┈┈┈┈┈┈┈┈┈┈┈┈┈┈┈┈┈┈┈┈┈┈┈┈┈┈┈┈┈┈┈┈┈┈┈┈┈┈┈┈┈┈┈┈┈┈┈┈┈┈┈┈┈┈┈┈┈┈┈┈┈┈┈┈┈┈┈┈┈┈┈┈┘"
"┌  2/4┈┈┈┈┈┈┈┈┈┈┈┈┈┈┈┈┈┈┈┈┈┈┈┈┈┈┈┈┈┈┈┈┈┈┈┈┈┈┈┈┈┈┈┈┈┈┈┈┈┈┈┈┈┈┈┈┈┈┈┈┈┈┈┈┈┈┈┈┈┈0/0┐"
"┊> a                                                                           ┊"
"└┈┈┈┈┈┈┈┈┈┈┈┈┈┈┈┈┈┈┈┈┈┈┈┈┈┈┈┈┈┈┈┈┈┈┈┈┈┈┈┈┈┈┈┈┈┈┈┈┈┈┈┈┈┈┈┈┈┈┈┈┈┈┈┈┈┈┈┈┈┈┈┈┈┈┈┈┈┈┘"
cursor: (23, 5)
