---
source: tests/options.rs
description: "input: interactive\noptions: -i --cmd-prompt a --cmd-prompt c --cmd echo"
---
"                                                                                "
"                                                                                "
"                                                                                "
"                                                                                "
"                                                                                "
"                                                                                "
"                                                                                "
"                                                                                "
"                                                                                "
"                                                                                "
"                                                                                "
"                                                                                "
"                                                                                "
"                                                                                "
"                                                                                "
"                                                                                "
"                                                                                "
"                                                                                "
"                                                                                "
"                                                                                "
"                                                                                "
">                                                                               "
"  1/1                                                                        0/0"
"c                                                                               "
cursor: (24, 2)
