---
source: tests/options.rs
description: "input: items [\"a\", \"b\", \"c\"]\noptions: --info default\nafter:\n  @char 'a'"
---
"                                                                                "
"                                                                                "
"                                                                                "
"                                                                                "
"                                                                                "
"                                                                                "
"                                                                                "
"                                                                                "
"                                                                                "
"                                                                                "
"                                                                                "
"                                                                                "
"                                                                                "
"                                                                                "
"                                                                                "
"                                                                                "
"                                                                                "
"                                                                                "
"                                                                                "
"                                                                                "
"                                                                                "
"> a                                                                             "
"  1/3                                                                        0/0"
"> a                                                                             "
cursor: (24, 4)
