---
source: tests/options.rs
description: "input: items [\"a\", \"b\", \"c\"]\noptions: --header-lines 1 --reverse"
---
">                                                                               "
"  2/2                                                                        0/0"
"  a                                                                             "
"> b                                                                             "
"  c                                                                             "
"                                                                                "
"                                                                                "
"                                                                                "
"                                                                                "
"                                                                                "
"                                                                                "
"                                                                                "
"                                                                                "
"                                                                                "
"                                                                                "
"                                                                                "
"                                                                                "
"                                                                                "
"                                                                                "
"                                                                                "
"                                                                                "
"                                                                                "
"                                                                                "
"                                                                                "
cursor: (1, 3)
