---
source: tests/options.rs
description: "input: items [\"a\", \"b\", \"c\"]\noptions: --inline-info\nafter:\n  @char 'a'"
---
"                                                                                "
"                                                                                "
"                                                                                "
"                                                                                "
"                                                                                "
"                                                                                "
"                                                                                "
"                                                                                "
"                                                                                "
"                                                                                "
"                                                                                "
"                                                                                "
"                                                                                "
"                                                                                "
"                                                                                "
"                                                                                "
"                                                                                "
"                                                                                "
"                                                                                "
"                                                                                "
"                                                                                "
"                                                                                "
"> a                                                                             "
"> a  < 1/3                                                                   0/0"
cursor: (25, 4)
