---
source: tests/options.rs
description: "input: items [\"a\", \"b\", \"c\"]\noptions: --info default"
---
"                                                                                "
"                                                                                "
"                                                                                "
"                                                                                "
"                                                                                "
"                                                                                "
"                                                                                "
"                                                                                "
"                                                                                "
"                                                                                "
"                                                                                "
"                                                                                "
"                                                                                "
"                                                                                "
"                                                                                "
"                                                                                "
"                                                                                "
"                                                                                "
"                                                                                "
"  c                                                                             "
"  b                                                                             "
"> a                                                                             "
"  3/3                                                                        0/0"
">                                                                               "
cursor: (24, 3)
