---
source: tests/options.rs
description: "input: items [\"a\", \"b\", \"c\"]\noptions: --info inline-right"
---
"                                                                                "
"                                                                                "
"                                                                                "
"                                                                                "
"                                                                                "
"                                                                                "
"                                                                                "
"                                                                                "
"                                                                                "
"                                                                                "
"                                                                                "
"                                                                                "
"                                                                                "
"                                                                                "
"                                                                                "
"                                                                                "
"                                                                                "
"                                                                                "
"                                                                                "
"                                                                                "
"  c                                                                             "
"  b                                                                             "
"> a                                                                             "
">                                                                     < 3/3  0/0"
cursor: (25, 3)
