---
source: tests/options.rs
description: "input: items [\"a\", \"b\", \"c\"]\noptions: --inline-info"
---
"                                                                                "
"                                                                                "
"                                                                                "
"                                                                                "
"                                                                                "
"                                                                                "
"                                                                                "
"                                                                                "
"                                                                                "
"                                                                                "
"                                                                                "
"                                                                                "
"                                                                                "
"                                                                                "
"                                                                                "
"                                                                                "
"                                                                                "
"                                                                                "
"                                                                                "
"                                                                                "
"  c                                                                             "
"  b                                                                             "
"> a                                                                             "
">   < 3/3                                                                    0/0"
cursor: (25, 3)
