---
source: tests/options.rs
description: "input: items [\"\"]\noptions: --reverse --reverse"
---
">                                                                               "
"  1/1                                                                        0/0"
">                                                                               "
"                                                                                "
"                                                                                "
"                                                                                "
"                                                                                "
"                                                                                "
"                                                                                "
"                                                                                "
"                                                                                "
"                                                                                "
"                                                                                "
"                                                                                "
"                                                                                "
"                                                                                "
"                                                                                "
"                                                                                "
"                                                                                "
"                                                                                "
"                                                                                "
"                                                                                "
"                                                                                "
"                                                                                "
cursor: (1, 3)
