---
source: tests/options.rs
description: "input: items [\"a\", \"b\", \"c\"]\noptions: --header-lines 1 --reverse --inline-info"
---
">   < 2/2                                                                    0/0"
"  a                                                                             "
"> b                                                                             "
"  c                                                                             "
"                                                                                "
"                                                                                "
"                                                                                "
"                                                                                "
"                                                                                "
"                                                                                "
"                                                                                "
"                                                                                "
"                                                                                "
"                                                                                "
"                                                                                "
"                                                                                "
"                                                                                "
"                                                                                "
"                                                                                "
"                                                                                "
"                                                                                "
"                                                                                "
"                                                                                "
"                                                                                "
cursor: (1, 3)
