---
source: tests/options.rs
description: "input: items [\"a\", \"b\", \"c\"]\noptions: --header-lines 1 --inline-info"
---
"                                                                                "
"                                                                                "
"                                                                                "
"                                                                                "
"                                                                                "
"                                                                                "
"                                                                                "
"                                                                                "
"                                                                                "
"                                                                                "
"                                                                                "
"                                                                                "
"                                                                                "
"                                                                                "
"                                                                                "
"                                                                                "
"                                                                                "
"                                                                                "
"                                                                                "
"                                                                                "
"  c                                                                             "
"> b                                                                             "
"  a                                                                             "
">   < 2/2                                                                    0/0"
cursor: (25, 3)
