---
source: tests/options.rs
description: "input: items [\"a\", \"b\", \"c\"]\noptions: --no-info"
---
"                                                                                "
"                                                                                "
"                                                                                "
"                                                                                "
"                                                                                "
"                                                                                "
"                                                                                "
"                                                                                "
"                                                                                "
"                                                                                "
"                                                                                "
"                                                                                "
"                                                                                "
"                                                                                "
"                                                                                "
"                                                                                "
"                                                                                "
"                                                                                "
"                                                                                "
"                                                                                "
"  c                                                                             "
"  b                                                                             "
"> a                                                                             "
">                                                                               "
cursor: (25, 3)
