---
source: tests/options.rs
description: "input: items [\"a\", \"b\", \"c\"]\noptions: --header-lines 4"
---
"                                                                                "
"                                                                                "
"                                                                                "
"                                                                                "
"                                                                                "
"                                                                                "
"                                                                                "
"                                                                                "
"                                                                                "
"                                                                                "
"                                                                                "
"                                                                                "
"                                                                                "
"                                                                                "
"                                                                                "
"                                                                                "
"                                                                                "
"                                                                                "
"                                                                                "
"  c                                                                             "
"  b                                                                             "
"  a                                                                             "
"  0/0                                                                        0/0"
">                                                                               "
cursor: (24, 3)
