---
source: tests/options.rs
description: "input: items [\"a\", \"b\", \"c\"]\noptions: --info inline-right:SEP\nafter:\n  @char 'a'"
---
"                                                                                "
"                                                                                "
"                                                                                "
"                                                                                "
"                                                                                "
"                                                                                "
"                                                                                "
"                                                                                "
"                                                                                "
"                                                                                "
"                                                                                "
"                                                                                "
"                                                                                "
"                                                                                "
"                                                                                "
"                                                                                "
"                                                                                "
"                                                                                "
"                                                                                "
"                                                                                "
"                                                                                "
"                                                                                "
"> a                                                                             "
"> a                                                                  SEP1/3  0/0"
cursor: (25, 4)
