---
source: tests/preview.rs
description: "input: items [\"a\", \"b\", \"c\"]\noptions: --preview echo {+} -m --preview-window :pty\nafter:\n  @shift Tab"
---
"                                        │b                                      "
"                                        │                                       "
"                                        │                                       "
"                                        │                                       "
"                                        │                                       "
"                                        │                                       "
"                                        │                                       "
"                                        │                                       "
"                                        │                                       "
"                                        │                                       "
"                                        │                                       "
"                                        │                                       "
"                                        │                                       "
"                                        │                                       "
"                                        │                                       "
"                                        │                                       "
"                                        │                                       "
"                                        │                                       "
"                                        │                                       "
"> c                                     │                                       "
" >b                                     │                                       "
"  a                                     │                                       "
"  3/3 [1]                            2/0│                                       "
">                                       │                                       "
cursor: (24, 3)
