---
source: tests/preview.rs
description: "input: items [\"'\\\"ABC\\\"'\"]\noptions: --preview echo X{}X"
---
"                                        │X'"ABC"'X                              "
"                                        │                                       "
"                                        │                                       "
"                                        │                                       "
"                                        │                                       "
"                                        │                                       "
"                                        │                                       "
"                                        │                                       "
"                                        │                                       "
"                                        │                                       "
"                                        │                                       "
"                                        │                                       "
"                                        │                                       "
"                                        │                                       "
"                                        │                                       "
"                                        │                                       "
"                                        │                                       "
"                                        │                                       "
"                                        │                                       "
"                                        │                                       "
"                                        │                                       "
"> '"ABC"'                               │                                       "
"  1/1                                0/0│                                       "
">                                       │                                       "
cursor: (24, 3)
