---
source: tests/split_match.rs
description: "input: items [\"foobar\", \"bazqux\"]\noptions: --split-match :\nafter:\n  @type \"foo\""
---
"                                                                                "
"                                                                                "
"                                                                                "
"                                                                                "
"                                                                                "
"                                                                                "
"                                                                                "
"                                                                                "
"                                                                                "
"                                                                                "
"                                                                                "
"                                                                                "
"                                                                                "
"                                                                                "
"                                                                                "
"                                                                                "
"                                                                                "
"                                                                                "
"                                                                                "
"                                                                                "
"                                                                                "
"> foobar                                                                        "
"  1/2                                                                        0/0"
"> foo                                                                           "
cursor: (24, 6)
