---
source: tests/split_match.rs
description: "input: items [\"foobar\", \"bazqux\"]\noptions: --split-match :\nafter:\n  @type \"foo:bar\""
---
"                                                                                "
"                                                                                "
"                                                                                "
"                                                                                "
"                                                                                "
"                                                                                "
"                                                                                "
"                                                                                "
"                                                                                "
"                                                                                "
"                                                                                "
"                                                                                "
"                                                                                "
"                                                                                "
"                                                                                "
"                                                                                "
"                                                                                "
"                                                                                "
"                                                                                "
"                                                                                "
"                                                                                "
"                                                                                "
"  0/2                                                                        0/0"
"> foo:bar                                                                       "
cursor: (24, 10)
