---
source: tests/split_match.rs
description: "input: items [\"foobar\", \"bazqux\"]\noptions: --split-match :"
---
"                                                                                "
"                                                                                "
"                                                                                "
"                                                                                "
"                                                                                "
"                                                                                "
"                                                                                "
"                                                                                "
"                                                                                "
"                                                                                "
"                                                                                "
"                                                                                "
"                                                                                "
"                                                                                "
"                                                                                "
"                                                                                "
"                                                                                "
"                                                                                "
"                                                                                "
"                                                                                "
"  bazqux                                                                        "
"> foobar                                                                        "
"  2/2                                                                        0/0"
">                                                                               "
cursor: (24, 3)
