---
source: tests/split_match.rs
description: "input: items [\"foo/bar\", \"baz/qux\"]\noptions: --split-match /"
---
"                                                                                "
"                                                                                "
"                                                                                "
"                                                                                "
"                                                                                "
"                                                                                "
"                                                                                "
"                                                                                "
"                                                                                "
"                                                                                "
"                                                                                "
"                                                                                "
"                                                                                "
"                                                                                "
"                                                                                "
"                                                                                "
"                                                                                "
"                                                                                "
"                                                                                "
"                                                                                "
"  baz/qux                                                                       "
"> foo/bar                                                                       "
"  2/2                                                                        0/0"
">                                                                               "
cursor: (24, 3)
