---
source: tests/split_match.rs
description: "input: items [\"a:b:c\", \"x:y:z\", \"a:bc:cd\"]\noptions: --split-match :\nafter:\n  @type \"a:b:c\""
---
"                                                                                "
"                                                                                "
"                                                                                "
"                                                                                "
"                                                                                "
"                                                                                "
"                                                                                "
"                                                                                "
"                                                                                "
"                                                                                "
"                                                                                "
"                                                                                "
"                                                                                "
"                                                                                "
"                                                                                "
"                                                                                "
"                                                                                "
"                                                                                "
"                                                                                "
"                                                                                "
"  a:bc:cd                                                                       "
"> a:b:c                                                                         "
"  2/3                                                                        0/0"
"> a:b:c                                                                         "
cursor: (24, 8)
