---
source: tests/tiebreak.rs
description: "input: items [\"foo/bar\", \"baz/foo\", \"foo\"]\noptions: --tiebreak=-pathname,score\nafter:\n  @type \"foo\""
---
"                                                                                "
"                                                                                "
"                                                                                "
"                                                                                "
"                                                                                "
"                                                                                "
"                                                                                "
"                                                                                "
"                                                                                "
"                                                                                "
"                                                                                "
"                                                                                "
"                                                                                "
"                                                                                "
"                                                                                "
"                                                                                "
"                                                                                "
"                                                                                "
"                                                                                "
"  foo                                                                           "
"  baz/foo                                                                       "
"> foo/bar                                                                       "
"  3/3                                                                        0/0"
"> foo                                                                           "
cursor: (24, 6)
