---
source: tests/tiebreak.rs
description: "input: items [\"a\", \"b\", \"c\", \"ab\", \"ac\"]\noptions: --tiebreak=-score\nafter:\n  @char 'b'"
---
"                                                                                "
"                                                                                "
"                                                                                "
"                                                                                "
"                                                                                "
"                                                                                "
"                                                                                "
"                                                                                "
"                                                                                "
"                                                                                "
"                                                                                "
"                                                                                "
"                                                                                "
"                                                                                "
"                                                                                "
"                                                                                "
"                                                                                "
"                                                                                "
"                                                                                "
"                                                                                "
"  b                                                                             "
"> ab                                                                            "
"  2/5                                                                        0/0"
"> b                                                                             "
cursor: (24, 4)
